2026-02-20 08:45:44 [INFO] test
2026-02-20 09:00:54 [INFO] test
2026-02-20 09:01:29 [DEBUG] test
2026-02-20 09:02:20 [INFO] Entering Test-MathOperations
2026-02-20 09:02:20 [DEBUG] Parameters received | VAR: Key   Value
---   -----
Start     1
End     100
2026-02-20 09:02:20 [INFO] Processing number | VAR: 1
2026-02-20 09:02:20 [DEBUG] Calculated square | VAR: 1
2026-02-20 09:02:20 [DEBUG] Calculated cube | VAR: 1
2026-02-20 09:02:20 [INFO] Processing number | VAR: 2
2026-02-20 09:02:20 [DEBUG] Calculated square | VAR: 4
2026-02-20 09:02:20 [DEBUG] Calculated cube | VAR: 8
2026-02-20 09:02:20 [INFO] Processing number | VAR: 3
2026-02-20 09:02:20 [DEBUG] Calculated square | VAR: 9
2026-02-20 09:02:20 [DEBUG] Calculated cube | VAR: 27
2026-02-20 09:02:20 [INFO] Processing number | VAR: 4
2026-02-20 09:02:20 [DEBUG] Calculated square | VAR: 16
2026-02-20 09:02:20 [DEBUG] Calculated cube | VAR: 64
2026-02-20 09:02:20 [INFO] Processing number | VAR: 5
2026-02-20 09:02:20 [DEBUG] Calculated square | VAR: 25
2026-02-20 09:02:20 [DEBUG] Calculated cube | VAR: 125
2026-02-20 09:02:20 [INFO] Processing number | VAR: 6
2026-02-20 09:02:20 [DEBUG] Calculated square | VAR: 36
2026-02-20 09:02:20 [DEBUG] Calculated cube | VAR: 216
2026-02-20 09:02:20 [INFO] Processing number | VAR: 7
2026-02-20 09:02:20 [DEBUG] Calculated square | VAR: 49
2026-02-20 09:02:20 [DEBUG] Calculated cube | VAR: 343
2026-02-20 09:02:20 [INFO] Processing number | VAR: 8
2026-02-20 09:02:20 [DEBUG] Calculated square | VAR: 64
2026-02-20 09:02:20 [DEBUG] Calculated cube | VAR: 512
2026-02-20 09:02:20 [INFO] Processing number | VAR: 9
2026-02-20 09:02:20 [DEBUG] Calculated square | VAR: 81
2026-02-20 09:02:20 [DEBUG] Calculated cube | VAR: 729
2026-02-20 09:02:20 [INFO] Processing number | VAR: 10
2026-02-20 09:02:20 [DEBUG] Calculated square | VAR: 100
2026-02-20 09:02:20 [DEBUG] Calculated cube | VAR: 1000
2026-02-20 09:02:20 [INFO] Processing number | VAR: 11
2026-02-20 09:02:20 [DEBUG] Calculated square | VAR: 121
2026-02-20 09:02:20 [DEBUG] Calculated cube | VAR: 1331
2026-02-20 09:02:20 [INFO] Processing number | VAR: 12
2026-02-20 09:02:20 [DEBUG] Calculated square | VAR: 144
2026-02-20 09:02:20 [DEBUG] Calculated cube | VAR: 1728
2026-02-20 09:02:20 [INFO] Processing number | VAR: 13
2026-02-20 09:02:20 [DEBUG] Calculated square | VAR: 169
2026-02-20 09:02:20 [DEBUG] Calculated cube | VAR: 2197
2026-02-20 09:02:20 [INFO] Processing number | VAR: 14
2026-02-20 09:02:20 [DEBUG] Calculated square | VAR: 196
2026-02-20 09:02:20 [DEBUG] Calculated cube | VAR: 2744
2026-02-20 09:02:20 [INFO] Processing number | VAR: 15
2026-02-20 09:02:20 [DEBUG] Calculated square | VAR: 225
2026-02-20 09:02:20 [DEBUG] Calculated cube | VAR: 3375
2026-02-20 09:02:20 [INFO] Processing number | VAR: 16
2026-02-20 09:02:20 [DEBUG] Calculated square | VAR: 256
2026-02-20 09:02:20 [DEBUG] Calculated cube | VAR: 4096
2026-02-20 09:02:20 [INFO] Processing number | VAR: 17
2026-02-20 09:02:20 [DEBUG] Calculated square | VAR: 289
2026-02-20 09:02:20 [DEBUG] Calculated cube | VAR: 4913
2026-02-20 09:02:20 [INFO] Processing number | VAR: 18
2026-02-20 09:02:20 [DEBUG] Calculated square | VAR: 324
2026-02-20 09:02:20 [DEBUG] Calculated cube | VAR: 5832
2026-02-20 09:02:20 [INFO] Processing number | VAR: 19
2026-02-20 09:02:20 [DEBUG] Calculated square | VAR: 361
2026-02-20 09:02:20 [DEBUG] Calculated cube | VAR: 6859
2026-02-20 09:02:20 [INFO] Processing number | VAR: 20
2026-02-20 09:02:20 [DEBUG] Calculated square | VAR: 400
2026-02-20 09:02:20 [DEBUG] Calculated cube | VAR: 8000
2026-02-20 09:02:20 [INFO] Processing number | VAR: 21
2026-02-20 09:02:20 [DEBUG] Calculated square | VAR: 441
2026-02-20 09:02:20 [DEBUG] Calculated cube | VAR: 9261
2026-02-20 09:02:21 [INFO] Processing number | VAR: 22
2026-02-20 09:02:21 [DEBUG] Calculated square | VAR: 484
2026-02-20 09:02:21 [DEBUG] Calculated cube | VAR: 10648
2026-02-20 09:02:21 [INFO] Processing number | VAR: 23
2026-02-20 09:02:21 [DEBUG] Calculated square | VAR: 529
2026-02-20 09:02:21 [DEBUG] Calculated cube | VAR: 12167
2026-02-20 09:02:21 [INFO] Processing number | VAR: 24
2026-02-20 09:02:21 [DEBUG] Calculated square | VAR: 576
2026-02-20 09:02:21 [DEBUG] Calculated cube | VAR: 13824
2026-02-20 09:02:21 [INFO] Processing number | VAR: 25
2026-02-20 09:02:21 [DEBUG] Calculated square | VAR: 625
2026-02-20 09:02:21 [DEBUG] Calculated cube | VAR: 15625
2026-02-20 09:02:21 [INFO] Processing number | VAR: 26
2026-02-20 09:02:21 [DEBUG] Calculated square | VAR: 676
2026-02-20 09:02:21 [DEBUG] Calculated cube | VAR: 17576
2026-02-20 09:02:21 [INFO] Processing number | VAR: 27
2026-02-20 09:02:21 [DEBUG] Calculated square | VAR: 729
2026-02-20 09:02:21 [DEBUG] Calculated cube | VAR: 19683
2026-02-20 09:02:21 [INFO] Processing number | VAR: 28
2026-02-20 09:02:21 [DEBUG] Calculated square | VAR: 784
2026-02-20 09:02:21 [DEBUG] Calculated cube | VAR: 21952
2026-02-20 09:02:21 [INFO] Processing number | VAR: 29
2026-02-20 09:02:21 [DEBUG] Calculated square | VAR: 841
2026-02-20 09:02:21 [DEBUG] Calculated cube | VAR: 24389
2026-02-20 09:02:21 [INFO] Processing number | VAR: 30
2026-02-20 09:02:21 [DEBUG] Calculated square | VAR: 900
2026-02-20 09:02:21 [DEBUG] Calculated cube | VAR: 27000
2026-02-20 09:02:21 [INFO] Processing number | VAR: 31
2026-02-20 09:02:21 [DEBUG] Calculated square | VAR: 961
2026-02-20 09:02:21 [DEBUG] Calculated cube | VAR: 29791
2026-02-20 09:02:21 [INFO] Processing number | VAR: 32
2026-02-20 09:02:21 [DEBUG] Calculated square | VAR: 1024
2026-02-20 09:02:21 [DEBUG] Calculated cube | VAR: 32768
2026-02-20 09:02:21 [INFO] Processing number | VAR: 33
2026-02-20 09:02:21 [DEBUG] Calculated square | VAR: 1089
2026-02-20 09:02:21 [DEBUG] Calculated cube | VAR: 35937
2026-02-20 09:02:21 [INFO] Processing number | VAR: 34
2026-02-20 09:02:21 [DEBUG] Calculated square | VAR: 1156
2026-02-20 09:02:21 [DEBUG] Calculated cube | VAR: 39304
2026-02-20 09:02:21 [INFO] Processing number | VAR: 35
2026-02-20 09:02:21 [DEBUG] Calculated square | VAR: 1225
2026-02-20 09:02:21 [DEBUG] Calculated cube | VAR: 42875
2026-02-20 09:02:21 [INFO] Processing number | VAR: 36
2026-02-20 09:02:21 [DEBUG] Calculated square | VAR: 1296
2026-02-20 09:02:21 [DEBUG] Calculated cube | VAR: 46656
2026-02-20 09:02:21 [INFO] Processing number | VAR: 37
2026-02-20 09:02:21 [DEBUG] Calculated square | VAR: 1369
2026-02-20 09:02:21 [DEBUG] Calculated cube | VAR: 50653
2026-02-20 09:02:21 [INFO] Processing number | VAR: 38
2026-02-20 09:02:21 [DEBUG] Calculated square | VAR: 1444
2026-02-20 09:02:21 [DEBUG] Calculated cube | VAR: 54872
2026-02-20 09:02:21 [INFO] Processing number | VAR: 39
2026-02-20 09:02:21 [DEBUG] Calculated square | VAR: 1521
2026-02-20 09:02:21 [DEBUG] Calculated cube | VAR: 59319
2026-02-20 09:02:21 [INFO] Processing number | VAR: 40
2026-02-20 09:02:21 [DEBUG] Calculated square | VAR: 1600
2026-02-20 09:02:21 [DEBUG] Calculated cube | VAR: 64000
2026-02-20 09:02:21 [INFO] Processing number | VAR: 41
2026-02-20 09:02:21 [DEBUG] Calculated square | VAR: 1681
2026-02-20 09:02:21 [DEBUG] Calculated cube | VAR: 68921
2026-02-20 09:02:21 [INFO] Processing number | VAR: 42
2026-02-20 09:02:21 [DEBUG] Calculated square | VAR: 1764
2026-02-20 09:02:21 [DEBUG] Calculated cube | VAR: 74088
2026-02-20 09:02:21 [INFO] Processing number | VAR: 43
2026-02-20 09:02:21 [DEBUG] Calculated square | VAR: 1849
2026-02-20 09:02:21 [DEBUG] Calculated cube | VAR: 79507
2026-02-20 09:02:21 [INFO] Processing number | VAR: 44
2026-02-20 09:02:21 [DEBUG] Calculated square | VAR: 1936
2026-02-20 09:02:21 [DEBUG] Calculated cube | VAR: 85184
2026-02-20 09:02:21 [INFO] Processing number | VAR: 45
2026-02-20 09:02:21 [DEBUG] Calculated square | VAR: 2025
2026-02-20 09:02:21 [DEBUG] Calculated cube | VAR: 91125
2026-02-20 09:02:21 [INFO] Processing number | VAR: 46
2026-02-20 09:02:21 [DEBUG] Calculated square | VAR: 2116
2026-02-20 09:02:21 [DEBUG] Calculated cube | VAR: 97336
2026-02-20 09:02:21 [INFO] Processing number | VAR: 47
2026-02-20 09:02:21 [DEBUG] Calculated square | VAR: 2209
2026-02-20 09:02:21 [DEBUG] Calculated cube | VAR: 103823
2026-02-20 09:02:21 [INFO] Processing number | VAR: 48
2026-02-20 09:02:21 [DEBUG] Calculated square | VAR: 2304
2026-02-20 09:02:21 [DEBUG] Calculated cube | VAR: 110592
2026-02-20 09:02:21 [INFO] Processing number | VAR: 49
2026-02-20 09:02:21 [DEBUG] Calculated square | VAR: 2401
2026-02-20 09:02:21 [DEBUG] Calculated cube | VAR: 117649
2026-02-20 09:02:22 [INFO] Processing number | VAR: 50
2026-02-20 09:02:22 [DEBUG] Calculated square | VAR: 2500
2026-02-20 09:02:22 [DEBUG] Calculated cube | VAR: 125000
2026-02-20 09:02:22 [INFO] Processing number | VAR: 51
2026-02-20 09:02:22 [DEBUG] Calculated square | VAR: 2601
2026-02-20 09:02:22 [DEBUG] Calculated cube | VAR: 132651
2026-02-20 09:02:22 [INFO] Processing number | VAR: 52
2026-02-20 09:02:22 [DEBUG] Calculated square | VAR: 2704
2026-02-20 09:02:22 [DEBUG] Calculated cube | VAR: 140608
2026-02-20 09:02:22 [INFO] Processing number | VAR: 53
2026-02-20 09:02:22 [DEBUG] Calculated square | VAR: 2809
2026-02-20 09:02:22 [DEBUG] Calculated cube | VAR: 148877
2026-02-20 09:02:22 [INFO] Processing number | VAR: 54
2026-02-20 09:02:22 [DEBUG] Calculated square | VAR: 2916
2026-02-20 09:02:22 [DEBUG] Calculated cube | VAR: 157464
2026-02-20 09:02:22 [INFO] Processing number | VAR: 55
2026-02-20 09:02:22 [DEBUG] Calculated square | VAR: 3025
2026-02-20 09:02:22 [DEBUG] Calculated cube | VAR: 166375
2026-02-20 09:02:22 [INFO] Processing number | VAR: 56
2026-02-20 09:02:22 [DEBUG] Calculated square | VAR: 3136
2026-02-20 09:02:22 [DEBUG] Calculated cube | VAR: 175616
2026-02-20 09:02:22 [INFO] Processing number | VAR: 57
2026-02-20 09:02:22 [DEBUG] Calculated square | VAR: 3249
2026-02-20 09:02:22 [DEBUG] Calculated cube | VAR: 185193
2026-02-20 09:02:22 [INFO] Processing number | VAR: 58
2026-02-20 09:02:22 [DEBUG] Calculated square | VAR: 3364
2026-02-20 09:02:22 [DEBUG] Calculated cube | VAR: 195112
2026-02-20 09:02:22 [INFO] Processing number | VAR: 59
2026-02-20 09:02:22 [DEBUG] Calculated square | VAR: 3481
2026-02-20 09:02:22 [DEBUG] Calculated cube | VAR: 205379
2026-02-20 09:02:22 [INFO] Processing number | VAR: 60
2026-02-20 09:02:22 [DEBUG] Calculated square | VAR: 3600
2026-02-20 09:02:22 [DEBUG] Calculated cube | VAR: 216000
2026-02-20 09:02:22 [INFO] Processing number | VAR: 61
2026-02-20 09:02:22 [DEBUG] Calculated square | VAR: 3721
2026-02-20 09:02:22 [DEBUG] Calculated cube | VAR: 226981
2026-02-20 09:02:22 [INFO] Processing number | VAR: 62
2026-02-20 09:02:22 [DEBUG] Calculated square | VAR: 3844
2026-02-20 09:02:22 [DEBUG] Calculated cube | VAR: 238328
2026-02-20 09:02:22 [INFO] Processing number | VAR: 63
2026-02-20 09:02:22 [DEBUG] Calculated square | VAR: 3969
2026-02-20 09:02:22 [DEBUG] Calculated cube | VAR: 250047
2026-02-20 09:02:22 [INFO] Processing number | VAR: 64
2026-02-20 09:02:22 [DEBUG] Calculated square | VAR: 4096
2026-02-20 09:02:22 [DEBUG] Calculated cube | VAR: 262144
2026-02-20 09:02:22 [INFO] Processing number | VAR: 65
2026-02-20 09:02:22 [DEBUG] Calculated square | VAR: 4225
2026-02-20 09:02:22 [DEBUG] Calculated cube | VAR: 274625
2026-02-20 09:02:22 [INFO] Processing number | VAR: 66
2026-02-20 09:02:22 [DEBUG] Calculated square | VAR: 4356
2026-02-20 09:02:22 [DEBUG] Calculated cube | VAR: 287496
2026-02-20 09:02:22 [INFO] Processing number | VAR: 67
2026-02-20 09:02:22 [DEBUG] Calculated square | VAR: 4489
2026-02-20 09:02:22 [DEBUG] Calculated cube | VAR: 300763
2026-02-20 09:02:22 [INFO] Processing number | VAR: 68
2026-02-20 09:02:22 [DEBUG] Calculated square | VAR: 4624
2026-02-20 09:02:22 [DEBUG] Calculated cube | VAR: 314432
2026-02-20 09:02:22 [INFO] Processing number | VAR: 69
2026-02-20 09:02:22 [DEBUG] Calculated square | VAR: 4761
2026-02-20 09:02:22 [DEBUG] Calculated cube | VAR: 328509
2026-02-20 09:02:22 [INFO] Processing number | VAR: 70
2026-02-20 09:02:22 [DEBUG] Calculated square | VAR: 4900
2026-02-20 09:02:22 [DEBUG] Calculated cube | VAR: 343000
2026-02-20 09:02:22 [INFO] Processing number | VAR: 71
2026-02-20 09:02:22 [DEBUG] Calculated square | VAR: 5041
2026-02-20 09:02:22 [DEBUG] Calculated cube | VAR: 357911
2026-02-20 09:02:22 [INFO] Processing number | VAR: 72
2026-02-20 09:02:22 [DEBUG] Calculated square | VAR: 5184
2026-02-20 09:02:22 [DEBUG] Calculated cube | VAR: 373248
2026-02-20 09:02:22 [INFO] Processing number | VAR: 73
2026-02-20 09:02:22 [DEBUG] Calculated square | VAR: 5329
2026-02-20 09:02:22 [DEBUG] Calculated cube | VAR: 389017
2026-02-20 09:02:22 [INFO] Processing number | VAR: 74
2026-02-20 09:02:22 [DEBUG] Calculated square | VAR: 5476
2026-02-20 09:02:22 [DEBUG] Calculated cube | VAR: 405224
2026-02-20 09:02:22 [INFO] Processing number | VAR: 75
2026-02-20 09:02:22 [DEBUG] Calculated square | VAR: 5625
2026-02-20 09:02:22 [DEBUG] Calculated cube | VAR: 421875
2026-02-20 09:02:22 [INFO] Processing number | VAR: 76
2026-02-20 09:02:22 [DEBUG] Calculated square | VAR: 5776
2026-02-20 09:02:22 [DEBUG] Calculated cube | VAR: 438976
2026-02-20 09:02:22 [INFO] Processing number | VAR: 77
2026-02-20 09:02:22 [DEBUG] Calculated square | VAR: 5929
2026-02-20 09:02:22 [DEBUG] Calculated cube | VAR: 456533
2026-02-20 09:02:22 [INFO] Processing number | VAR: 78
2026-02-20 09:02:22 [DEBUG] Calculated square | VAR: 6084
2026-02-20 09:02:23 [DEBUG] Calculated cube | VAR: 474552
2026-02-20 09:02:23 [INFO] Processing number | VAR: 79
2026-02-20 09:02:23 [DEBUG] Calculated square | VAR: 6241
2026-02-20 09:02:23 [DEBUG] Calculated cube | VAR: 493039
2026-02-20 09:02:23 [INFO] Processing number | VAR: 80
2026-02-20 09:02:23 [DEBUG] Calculated square | VAR: 6400
2026-02-20 09:02:23 [DEBUG] Calculated cube | VAR: 512000
2026-02-20 09:02:23 [INFO] Processing number | VAR: 81
2026-02-20 09:02:23 [DEBUG] Calculated square | VAR: 6561
2026-02-20 09:02:23 [DEBUG] Calculated cube | VAR: 531441
2026-02-20 09:02:23 [INFO] Processing number | VAR: 82
2026-02-20 09:02:23 [DEBUG] Calculated square | VAR: 6724
2026-02-20 09:02:23 [DEBUG] Calculated cube | VAR: 551368
2026-02-20 09:02:23 [INFO] Processing number | VAR: 83
2026-02-20 09:02:23 [DEBUG] Calculated square | VAR: 6889
2026-02-20 09:02:23 [DEBUG] Calculated cube | VAR: 571787
2026-02-20 09:02:23 [INFO] Processing number | VAR: 84
2026-02-20 09:02:23 [DEBUG] Calculated square | VAR: 7056
2026-02-20 09:02:23 [DEBUG] Calculated cube | VAR: 592704
2026-02-20 09:02:23 [INFO] Processing number | VAR: 85
2026-02-20 09:02:23 [DEBUG] Calculated square | VAR: 7225
2026-02-20 09:02:23 [DEBUG] Calculated cube | VAR: 614125
2026-02-20 09:02:23 [INFO] Processing number | VAR: 86
2026-02-20 09:02:23 [DEBUG] Calculated square | VAR: 7396
2026-02-20 09:02:23 [DEBUG] Calculated cube | VAR: 636056
2026-02-20 09:02:23 [INFO] Processing number | VAR: 87
2026-02-20 09:02:23 [DEBUG] Calculated square | VAR: 7569
2026-02-20 09:02:23 [DEBUG] Calculated cube | VAR: 658503
2026-02-20 09:02:23 [INFO] Processing number | VAR: 88
2026-02-20 09:02:23 [DEBUG] Calculated square | VAR: 7744
2026-02-20 09:02:23 [DEBUG] Calculated cube | VAR: 681472
2026-02-20 09:02:23 [INFO] Processing number | VAR: 89
2026-02-20 09:02:23 [DEBUG] Calculated square | VAR: 7921
2026-02-20 09:02:23 [DEBUG] Calculated cube | VAR: 704969
2026-02-20 09:02:23 [INFO] Processing number | VAR: 90
2026-02-20 09:02:23 [DEBUG] Calculated square | VAR: 8100
2026-02-20 09:02:23 [DEBUG] Calculated cube | VAR: 729000
2026-02-20 09:02:23 [INFO] Processing number | VAR: 91
2026-02-20 09:02:23 [DEBUG] Calculated square | VAR: 8281
2026-02-20 09:02:23 [DEBUG] Calculated cube | VAR: 753571
2026-02-20 09:02:23 [INFO] Processing number | VAR: 92
2026-02-20 09:02:23 [DEBUG] Calculated square | VAR: 8464
2026-02-20 09:02:23 [DEBUG] Calculated cube | VAR: 778688
2026-02-20 09:02:23 [INFO] Processing number | VAR: 93
2026-02-20 09:02:23 [DEBUG] Calculated square | VAR: 8649
2026-02-20 09:02:23 [DEBUG] Calculated cube | VAR: 804357
2026-02-20 09:02:23 [INFO] Processing number | VAR: 94
2026-02-20 09:02:23 [DEBUG] Calculated square | VAR: 8836
2026-02-20 09:02:23 [DEBUG] Calculated cube | VAR: 830584
2026-02-20 09:02:23 [INFO] Processing number | VAR: 95
2026-02-20 09:02:23 [DEBUG] Calculated square | VAR: 9025
2026-02-20 09:02:23 [DEBUG] Calculated cube | VAR: 857375
2026-02-20 09:02:23 [INFO] Processing number | VAR: 96
2026-02-20 09:02:23 [DEBUG] Calculated square | VAR: 9216
2026-02-20 09:02:23 [DEBUG] Calculated cube | VAR: 884736
2026-02-20 09:02:23 [INFO] Processing number | VAR: 97
2026-02-20 09:02:23 [DEBUG] Calculated square | VAR: 9409
2026-02-20 09:02:23 [DEBUG] Calculated cube | VAR: 912673
2026-02-20 09:02:23 [INFO] Processing number | VAR: 98
2026-02-20 09:02:23 [DEBUG] Calculated square | VAR: 9604
2026-02-20 09:02:23 [DEBUG] Calculated cube | VAR: 941192
2026-02-20 09:02:23 [INFO] Processing number | VAR: 99
2026-02-20 09:02:23 [DEBUG] Calculated square | VAR: 9801
2026-02-20 09:02:23 [DEBUG] Calculated cube | VAR: 970299
2026-02-20 09:02:23 [INFO] Processing number | VAR: 100
2026-02-20 09:02:23 [DEBUG] Calculated square | VAR: 10000
2026-02-20 09:02:23 [DEBUG] Calculated cube | VAR: 1000000
2026-02-20 09:02:23 [INFO] Exiting Test-MathOperations
2026-02-20 09:02:52 [INFO] Entering Test-MathOperations
2026-02-20 09:02:52 [INFO] Processing number | VAR: 1
2026-02-20 09:02:52 [INFO] Processing number | VAR: 2
2026-02-20 09:02:52 [INFO] Processing number | VAR: 3
2026-02-20 09:02:52 [INFO] Processing number | VAR: 4
2026-02-20 09:02:52 [INFO] Processing number | VAR: 5
2026-02-20 09:02:52 [INFO] Processing number | VAR: 6
2026-02-20 09:02:52 [INFO] Processing number | VAR: 7
2026-02-20 09:02:52 [INFO] Processing number | VAR: 8
2026-02-20 09:02:52 [INFO] Processing number | VAR: 9
2026-02-20 09:02:52 [INFO] Processing number | VAR: 10
2026-02-20 09:02:52 [INFO] Processing number | VAR: 11
2026-02-20 09:02:52 [INFO] Processing number | VAR: 12
2026-02-20 09:02:52 [INFO] Processing number | VAR: 13
2026-02-20 09:02:52 [INFO] Processing number | VAR: 14
2026-02-20 09:02:52 [INFO] Processing number | VAR: 15
2026-02-20 09:02:52 [INFO] Processing number | VAR: 16
2026-02-20 09:02:52 [INFO] Processing number | VAR: 17
2026-02-20 09:02:52 [INFO] Processing number | VAR: 18
2026-02-20 09:02:52 [INFO] Processing number | VAR: 19
2026-02-20 09:02:52 [INFO] Processing number | VAR: 20
2026-02-20 09:02:52 [INFO] Processing number | VAR: 21
2026-02-20 09:02:52 [INFO] Processing number | VAR: 22
2026-02-20 09:02:52 [INFO] Processing number | VAR: 23
2026-02-20 09:02:52 [INFO] Processing number | VAR: 24
2026-02-20 09:02:52 [INFO] Processing number | VAR: 25
2026-02-20 09:02:52 [INFO] Processing number | VAR: 26
2026-02-20 09:02:52 [INFO] Processing number | VAR: 27
2026-02-20 09:02:52 [INFO] Processing number | VAR: 28
2026-02-20 09:02:52 [INFO] Processing number | VAR: 29
2026-02-20 09:02:52 [INFO] Processing number | VAR: 30
2026-02-20 09:02:52 [INFO] Processing number | VAR: 31
2026-02-20 09:02:52 [INFO] Processing number | VAR: 32
2026-02-20 09:02:52 [INFO] Processing number | VAR: 33
2026-02-20 09:02:52 [INFO] Processing number | VAR: 34
2026-02-20 09:02:52 [INFO] Processing number | VAR: 35
2026-02-20 09:02:52 [INFO] Processing number | VAR: 36
2026-02-20 09:02:52 [INFO] Processing number | VAR: 37
2026-02-20 09:02:52 [INFO] Processing number | VAR: 38
2026-02-20 09:02:52 [INFO] Processing number | VAR: 39
2026-02-20 09:02:52 [INFO] Processing number | VAR: 40
2026-02-20 09:02:52 [INFO] Processing number | VAR: 41
2026-02-20 09:02:52 [INFO] Processing number | VAR: 42
2026-02-20 09:02:52 [INFO] Processing number | VAR: 43
2026-02-20 09:02:52 [INFO] Processing number | VAR: 44
2026-02-20 09:02:52 [INFO] Processing number | VAR: 45
2026-02-20 09:02:52 [INFO] Processing number | VAR: 46
2026-02-20 09:02:52 [INFO] Processing number | VAR: 47
2026-02-20 09:02:52 [INFO] Processing number | VAR: 48
2026-02-20 09:02:52 [INFO] Processing number | VAR: 49
2026-02-20 09:02:52 [INFO] Processing number | VAR: 50
2026-02-20 09:02:52 [INFO] Processing number | VAR: 51
2026-02-20 09:02:52 [INFO] Processing number | VAR: 52
2026-02-20 09:02:52 [INFO] Processing number | VAR: 53
2026-02-20 09:02:52 [INFO] Processing number | VAR: 54
2026-02-20 09:02:52 [INFO] Processing number | VAR: 55
2026-02-20 09:02:52 [INFO] Processing number | VAR: 56
2026-02-20 09:02:52 [INFO] Processing number | VAR: 57
2026-02-20 09:02:52 [INFO] Processing number | VAR: 58
2026-02-20 09:02:52 [INFO] Processing number | VAR: 59
2026-02-20 09:02:52 [INFO] Processing number | VAR: 60
2026-02-20 09:02:52 [INFO] Processing number | VAR: 61
2026-02-20 09:02:52 [INFO] Processing number | VAR: 62
2026-02-20 09:02:52 [INFO] Processing number | VAR: 63
2026-02-20 09:02:52 [INFO] Processing number | VAR: 64
2026-02-20 09:02:52 [INFO] Processing number | VAR: 65
2026-02-20 09:02:52 [INFO] Processing number | VAR: 66
2026-02-20 09:02:52 [INFO] Processing number | VAR: 67
2026-02-20 09:02:52 [INFO] Processing number | VAR: 68
2026-02-20 09:02:52 [INFO] Processing number | VAR: 69
2026-02-20 09:02:52 [INFO] Processing number | VAR: 70
2026-02-20 09:02:52 [INFO] Processing number | VAR: 71
2026-02-20 09:02:52 [INFO] Processing number | VAR: 72
2026-02-20 09:02:52 [INFO] Processing number | VAR: 73
2026-02-20 09:02:52 [INFO] Processing number | VAR: 74
2026-02-20 09:02:52 [INFO] Processing number | VAR: 75
2026-02-20 09:02:52 [INFO] Processing number | VAR: 76
2026-02-20 09:02:52 [INFO] Processing number | VAR: 77
2026-02-20 09:02:52 [INFO] Processing number | VAR: 78
2026-02-20 09:02:52 [INFO] Processing number | VAR: 79
2026-02-20 09:02:52 [INFO] Processing number | VAR: 80
2026-02-20 09:02:52 [INFO] Processing number | VAR: 81
2026-02-20 09:02:52 [INFO] Processing number | VAR: 82
2026-02-20 09:02:52 [INFO] Processing number | VAR: 83
2026-02-20 09:02:52 [INFO] Processing number | VAR: 84
2026-02-20 09:02:52 [INFO] Processing number | VAR: 85
2026-02-20 09:02:52 [INFO] Processing number | VAR: 86
2026-02-20 09:02:52 [INFO] Processing number | VAR: 87
2026-02-20 09:02:52 [INFO] Processing number | VAR: 88
2026-02-20 09:02:52 [INFO] Processing number | VAR: 89
2026-02-20 09:02:52 [INFO] Processing number | VAR: 90
2026-02-20 09:02:52 [INFO] Processing number | VAR: 91
2026-02-20 09:02:52 [INFO] Processing number | VAR: 92
2026-02-20 09:02:52 [INFO] Processing number | VAR: 93
2026-02-20 09:02:52 [INFO] Processing number | VAR: 94
2026-02-20 09:02:52 [INFO] Processing number | VAR: 95
2026-02-20 09:02:52 [INFO] Processing number | VAR: 96
2026-02-20 09:02:52 [INFO] Processing number | VAR: 97
2026-02-20 09:02:52 [INFO] Processing number | VAR: 98
2026-02-20 09:02:52 [INFO] Processing number | VAR: 99
2026-02-20 09:02:52 [INFO] Processing number | VAR: 100
2026-02-20 09:02:52 [INFO] Exiting Test-MathOperations
2026-02-20 09:03:11 [INFO] Entering Test-WhileLoop
2026-02-20 09:03:11 [INFO] While loop iteration | VAR: 0
2026-02-20 09:03:11 [INFO] While loop iteration | VAR: 1
2026-02-20 09:03:11 [INFO] While loop iteration | VAR: 2
2026-02-20 09:03:11 [INFO] While loop iteration | VAR: 3
2026-02-20 09:03:11 [INFO] While loop iteration | VAR: 4
2026-02-20 09:03:11 [INFO] Exiting Test-WhileLoop
2026-02-20 09:03:23 [INFO] Entering Test-WhileLoop
2026-02-20 09:03:23 [INFO] While loop iteration | VAR: 0
2026-02-20 09:03:23 [DEBUG] Generated random value | VAR: 26
2026-02-20 09:03:23 [INFO] While loop iteration | VAR: 1
2026-02-20 09:03:23 [DEBUG] Generated random value | VAR: 16
2026-02-20 09:03:23 [INFO] While loop iteration | VAR: 2
2026-02-20 09:03:23 [DEBUG] Generated random value | VAR: 89
2026-02-20 09:03:23 [INFO] While loop iteration | VAR: 3
2026-02-20 09:03:23 [DEBUG] Generated random value | VAR: 65
2026-02-20 09:03:23 [INFO] While loop iteration | VAR: 4
2026-02-20 09:03:23 [DEBUG] Generated random value | VAR: 5
2026-02-20 09:03:23 [INFO] Exiting Test-WhileLoop
2026-03-12 14:20:50 [INFO] test
2026-03-12 14:22:54 [INFO] requires PS7 set to :: False
2026-03-12 14:27:08 [ERROR] Please run as Administrator.
2026-03-12 14:38:16 [ERROR] [Initialisations]  must be ran as Administrator.
2026-03-13 09:18:39 [ERROR] [Initialisations]  must be run as Administrator.
2026-03-13 09:20:25 [INFO] PowerShell 7 Requirement: False 
2026-03-13 09:21:17 [INFO] PowerShell 7 Requirement: False
2026-03-13 09:21:17 [INFO] Script Must be ran as Admin: False
2026-03-13 10:02:24 [INFO] test
2026-03-13 10:18:20 [INFO] Starting TempScript.ps1 v1.0
2026-03-13 10:20:00 [INFO] Starting TempScript.ps1 v1.0
2026-03-13 10:20:17 [INFO] Starting TempScript.ps1 v1.0
2026-03-13 10:20:23 [INFO] Starting TempScript.ps1 v1.0
2026-03-13 10:20:23 [ERROR] The variable '$ComputerName' cannot be retrieved because it has not been set.
2026-03-13 10:20:23 [INFO] Ending TempScript.ps1 with exit code 1
2026-03-13 10:38:11 [INFO] Starting TempScript.ps1 v1.0
2026-03-13 10:39:25 [INFO] Starting TempScript.ps1 v1.0
2026-03-13 10:39:46 [INFO] Starting TempScript.ps1 1.0
2026-03-13 10:41:06 [INFO] Starting TempScript.ps1 1.0
2026-03-13 10:41:06 [INFO] Ending TempScript.ps1 with exit code 0
2026-03-13 10:45:53 [INFO] Starting TempScript.ps1 1.0
2026-03-13 10:45:53 [INFO] Ending TempScript.ps1 with exit code 0
2026-03-13 10:52:05 [INFO] Starting TempScript.ps1 1.0
2026-03-13 10:52:05 [ERROR] The variable '$ComputerName' cannot be retrieved because it has not been set.
2026-03-13 10:52:05 [INFO] Ending TempScript.ps1 with exit code 1
2026-03-13 10:57:58 [WARN] this is a warning
2026-03-13 10:59:03 [INFO] Starting TempScript.ps1 1.0
2026-03-13 10:59:03 [ERROR] The variable '$ComputerName' cannot be retrieved because it has not been set.
2026-03-13 10:59:03 [INFO] Ending TempScript.ps1 with exit code 1
2026-03-13 11:02:19 [INFO] Starting TempScript.ps1 1.0
2026-03-13 11:02:25 [ERROR] The variable '$results' cannot be retrieved because it has not been set.
2026-03-13 11:02:25 [INFO] Ending TempScript.ps1 with exit code 1
2026-03-13 11:03:15 [INFO] Starting TempScript.ps1 1.0
2026-03-13 11:04:51 [INFO] Starting TempScript.ps1 1.0
2026-03-13 11:04:51 [INFO] Adding to $results variable: .length
2026-03-13 11:06:52 [INFO] Starting TempScript.ps1 1.0
2026-03-13 11:06:52 [INFO] Processing 1 of SIL-DC-2 SIL-DC-1 SIL-RADIUS MEL-SP SIL-BKUP01 NI-VAL SIL-WDS01 SIL-KMS01 SIL-DMS SIL-WDM-01 SIL-BKUP1 SIL-MON1 SIL-WDS02 SIL-FP1 SIL-SEP-1 SIL-SW1 ATOM-WSUS SIL-WSUS2019-01 SIL-WDS-MEL SIL-SQL1 SIL-VMM1 SIL-SCVMM SIL-HOST-1 SIL-FS1 SIL-FS2 SIL-SQL2 SIL-VMM2 SIL-DHCP SIL-HOST-5 SIL-HOST-2 SIL-HOST-3 SIL-HOST-4 SIL-WSUS-2022 SIL-AIQUM1 SIL-ADM1 SIL-SQL-CL1 SIL-FS-CL1 SIL-SQL-SCVMM SIL-VMM-CL1 SIL-FS SIL-HOST-CL1 SIL-CDP1 SIL-CDP2 SIL-SCA1 SIL-TZM SIL-SQL-VEEAM SIL-BKUPPRX1 SIL-IAT1 SIL-BKUPPRX2 BACKUPTEST SIL-BKUPPRX3 SIL-TEST-RESMC- VMW-WORKSTATION JP-DEV CV-TEST.length
2026-03-13 11:06:53 [INFO] Processing 1 of SIL-DC-2 SIL-DC-1 SIL-RADIUS MEL-SP SIL-BKUP01 NI-VAL SIL-WDS01 SIL-KMS01 SIL-DMS SIL-WDM-01 SIL-BKUP1 SIL-MON1 SIL-WDS02 SIL-FP1 SIL-SEP-1 SIL-SW1 ATOM-WSUS SIL-WSUS2019-01 SIL-WDS-MEL SIL-SQL1 SIL-VMM1 SIL-SCVMM SIL-HOST-1 SIL-FS1 SIL-FS2 SIL-SQL2 SIL-VMM2 SIL-DHCP SIL-HOST-5 SIL-HOST-2 SIL-HOST-3 SIL-HOST-4 SIL-WSUS-2022 SIL-AIQUM1 SIL-ADM1 SIL-SQL-CL1 SIL-FS-CL1 SIL-SQL-SCVMM SIL-VMM-CL1 SIL-FS SIL-HOST-CL1 SIL-CDP1 SIL-CDP2 SIL-SCA1 SIL-TZM SIL-SQL-VEEAM SIL-BKUPPRX1 SIL-IAT1 SIL-BKUPPRX2 BACKUPTEST SIL-BKUPPRX3 SIL-TEST-RESMC- VMW-WORKSTATION JP-DEV CV-TEST.length
2026-03-13 11:06:54 [INFO] Processing 1 of SIL-DC-2 SIL-DC-1 SIL-RADIUS MEL-SP SIL-BKUP01 NI-VAL SIL-WDS01 SIL-KMS01 SIL-DMS SIL-WDM-01 SIL-BKUP1 SIL-MON1 SIL-WDS02 SIL-FP1 SIL-SEP-1 SIL-SW1 ATOM-WSUS SIL-WSUS2019-01 SIL-WDS-MEL SIL-SQL1 SIL-VMM1 SIL-SCVMM SIL-HOST-1 SIL-FS1 SIL-FS2 SIL-SQL2 SIL-VMM2 SIL-DHCP SIL-HOST-5 SIL-HOST-2 SIL-HOST-3 SIL-HOST-4 SIL-WSUS-2022 SIL-AIQUM1 SIL-ADM1 SIL-SQL-CL1 SIL-FS-CL1 SIL-SQL-SCVMM SIL-VMM-CL1 SIL-FS SIL-HOST-CL1 SIL-CDP1 SIL-CDP2 SIL-SCA1 SIL-TZM SIL-SQL-VEEAM SIL-BKUPPRX1 SIL-IAT1 SIL-BKUPPRX2 BACKUPTEST SIL-BKUPPRX3 SIL-TEST-RESMC- VMW-WORKSTATION JP-DEV CV-TEST.length
2026-03-13 11:07:38 [INFO] Starting TempScript.ps1 1.0
2026-03-13 11:07:38 [INFO] Processing 1 of SIL-DC-2.length
2026-03-13 11:07:39 [INFO] Processing 1 of SIL-DC-1.length
2026-03-13 11:07:40 [INFO] Processing 1 of SIL-RADIUS.length
2026-03-13 11:08:27 [INFO] Starting TempScript.ps1 1.0
2026-03-13 11:08:27 [INFO] Processing 1 of SIL-DC-2.length
2026-03-13 11:08:28 [INFO] Processing 2 of SIL-DC-1.length
2026-03-13 11:08:29 [INFO] Processing 3 of SIL-RADIUS.length
2026-03-13 11:09:00 [INFO] 55
2026-03-13 11:09:56 [INFO] processing 1 of SIL-DC-2.Length
2026-03-13 11:09:56 [INFO] processing 2 of SIL-DC-1.Length
2026-03-13 11:09:56 [INFO] processing 3 of SIL-RADIUS.Length
2026-03-13 11:09:56 [INFO] processing 4 of MEL-SP.Length
2026-03-13 11:09:56 [INFO] processing 5 of SIL-BKUP01.Length
2026-03-13 11:09:56 [INFO] processing 6 of NI-VAL.Length
2026-03-13 11:09:56 [INFO] processing 7 of SIL-WDS01.Length
2026-03-13 11:09:56 [INFO] processing 8 of SIL-KMS01.Length
2026-03-13 11:09:56 [INFO] processing 9 of SIL-DMS.Length
2026-03-13 11:09:56 [INFO] processing 10 of SIL-WDM-01.Length
2026-03-13 11:09:56 [INFO] processing 11 of SIL-BKUP1.Length
2026-03-13 11:09:56 [INFO] processing 12 of SIL-MON1.Length
2026-03-13 11:09:56 [INFO] processing 13 of SIL-WDS02.Length
2026-03-13 11:09:56 [INFO] processing 14 of SIL-FP1.Length
2026-03-13 11:09:56 [INFO] processing 15 of SIL-SEP-1.Length
2026-03-13 11:09:56 [INFO] processing 16 of SIL-SW1.Length
2026-03-13 11:09:56 [INFO] processing 17 of ATOM-WSUS.Length
2026-03-13 11:09:56 [INFO] processing 18 of SIL-WSUS2019-01.Length
2026-03-13 11:09:56 [INFO] processing 19 of SIL-WDS-MEL.Length
2026-03-13 11:09:56 [INFO] processing 20 of SIL-SQL1.Length
2026-03-13 11:09:56 [INFO] processing 21 of SIL-VMM1.Length
2026-03-13 11:09:56 [INFO] processing 22 of SIL-SCVMM.Length
2026-03-13 11:09:56 [INFO] processing 23 of SIL-HOST-1.Length
2026-03-13 11:09:56 [INFO] processing 24 of SIL-FS1.Length
2026-03-13 11:09:56 [INFO] processing 25 of SIL-FS2.Length
2026-03-13 11:09:56 [INFO] processing 26 of SIL-SQL2.Length
2026-03-13 11:09:56 [INFO] processing 27 of SIL-VMM2.Length
2026-03-13 11:09:56 [INFO] processing 28 of SIL-DHCP.Length
2026-03-13 11:09:56 [INFO] processing 29 of SIL-HOST-5.Length
2026-03-13 11:09:56 [INFO] processing 30 of SIL-HOST-2.Length
2026-03-13 11:09:56 [INFO] processing 31 of SIL-HOST-3.Length
2026-03-13 11:09:56 [INFO] processing 32 of SIL-HOST-4.Length
2026-03-13 11:09:56 [INFO] processing 33 of SIL-WSUS-2022.Length
2026-03-13 11:09:56 [INFO] processing 34 of SIL-AIQUM1.Length
2026-03-13 11:09:56 [INFO] processing 35 of SIL-ADM1.Length
2026-03-13 11:09:56 [INFO] processing 36 of SIL-SQL-CL1.Length
2026-03-13 11:09:56 [INFO] processing 37 of SIL-FS-CL1.Length
2026-03-13 11:09:56 [INFO] processing 38 of SIL-SQL-SCVMM.Length
2026-03-13 11:09:56 [INFO] processing 39 of SIL-VMM-CL1.Length
2026-03-13 11:09:56 [INFO] processing 40 of SIL-FS.Length
2026-03-13 11:09:56 [INFO] processing 41 of SIL-HOST-CL1.Length
2026-03-13 11:09:56 [INFO] processing 42 of SIL-CDP1.Length
2026-03-13 11:09:56 [INFO] processing 43 of SIL-CDP2.Length
2026-03-13 11:09:56 [INFO] processing 44 of SIL-SCA1.Length
2026-03-13 11:09:56 [INFO] processing 45 of SIL-TZM.Length
2026-03-13 11:09:56 [INFO] processing 46 of SIL-SQL-VEEAM.Length
2026-03-13 11:09:56 [INFO] processing 47 of SIL-BKUPPRX1.Length
2026-03-13 11:09:56 [INFO] processing 48 of SIL-IAT1.Length
2026-03-13 11:09:56 [INFO] processing 49 of SIL-BKUPPRX2.Length
2026-03-13 11:09:56 [INFO] processing 50 of BACKUPTEST.Length
2026-03-13 11:09:56 [INFO] processing 51 of SIL-BKUPPRX3.Length
2026-03-13 11:09:56 [INFO] processing 52 of SIL-TEST-RESMC-.Length
2026-03-13 11:09:56 [INFO] processing 53 of VMW-WORKSTATION.Length
2026-03-13 11:09:56 [INFO] processing 54 of JP-DEV.Length
2026-03-13 11:09:56 [INFO] processing 55 of CV-TEST.Length
2026-03-13 11:10:42 [INFO] processing 1 of 8
2026-03-13 11:10:42 [INFO] processing 2 of 8
2026-03-13 11:10:42 [INFO] processing 3 of 10
2026-03-13 11:10:42 [INFO] processing 4 of 6
2026-03-13 11:10:42 [INFO] processing 5 of 10
2026-03-13 11:10:42 [INFO] processing 6 of 6
2026-03-13 11:10:42 [INFO] processing 7 of 9
2026-03-13 11:10:42 [INFO] processing 8 of 9
2026-03-13 11:10:42 [INFO] processing 9 of 7
2026-03-13 11:10:42 [INFO] processing 10 of 10
2026-03-13 11:10:42 [INFO] processing 11 of 9
2026-03-13 11:10:42 [INFO] processing 12 of 8
2026-03-13 11:10:42 [INFO] processing 13 of 9
2026-03-13 11:10:42 [INFO] processing 14 of 7
2026-03-13 11:10:42 [INFO] processing 15 of 9
2026-03-13 11:10:42 [INFO] processing 16 of 7
2026-03-13 11:10:42 [INFO] processing 17 of 9
2026-03-13 11:10:42 [INFO] processing 18 of 15
2026-03-13 11:10:42 [INFO] processing 19 of 11
2026-03-13 11:10:42 [INFO] processing 20 of 8
2026-03-13 11:10:42 [INFO] processing 21 of 8
2026-03-13 11:10:42 [INFO] processing 22 of 9
2026-03-13 11:10:42 [INFO] processing 23 of 10
2026-03-13 11:10:42 [INFO] processing 24 of 7
2026-03-13 11:10:42 [INFO] processing 25 of 7
2026-03-13 11:10:42 [INFO] processing 26 of 8
2026-03-13 11:10:42 [INFO] processing 27 of 8
2026-03-13 11:10:42 [INFO] processing 28 of 8
2026-03-13 11:10:42 [INFO] processing 29 of 10
2026-03-13 11:10:42 [INFO] processing 30 of 10
2026-03-13 11:10:42 [INFO] processing 31 of 10
2026-03-13 11:10:42 [INFO] processing 32 of 10
2026-03-13 11:10:42 [INFO] processing 33 of 13
2026-03-13 11:10:42 [INFO] processing 34 of 10
2026-03-13 11:10:42 [INFO] processing 35 of 8
2026-03-13 11:10:42 [INFO] processing 36 of 11
2026-03-13 11:10:42 [INFO] processing 37 of 10
2026-03-13 11:10:42 [INFO] processing 38 of 13
2026-03-13 11:10:42 [INFO] processing 39 of 11
2026-03-13 11:10:42 [INFO] processing 40 of 6
2026-03-13 11:10:42 [INFO] processing 41 of 12
2026-03-13 11:10:42 [INFO] processing 42 of 8
2026-03-13 11:10:42 [INFO] processing 43 of 8
2026-03-13 11:10:42 [INFO] processing 44 of 8
2026-03-13 11:10:42 [INFO] processing 45 of 7
2026-03-13 11:10:42 [INFO] processing 46 of 13
2026-03-13 11:10:42 [INFO] processing 47 of 12
2026-03-13 11:10:42 [INFO] processing 48 of 8
2026-03-13 11:10:42 [INFO] processing 49 of 12
2026-03-13 11:10:42 [INFO] processing 50 of 10
2026-03-13 11:10:42 [INFO] processing 51 of 12
2026-03-13 11:10:42 [INFO] processing 52 of 15
2026-03-13 11:10:42 [INFO] processing 53 of 15
2026-03-13 11:10:42 [INFO] processing 54 of 6
2026-03-13 11:10:42 [INFO] processing 55 of 7
2026-03-13 11:10:57 [INFO] processing 1 of 8
2026-03-13 11:10:57 [INFO] processing 2 of 8
2026-03-13 11:10:57 [INFO] processing 3 of 10
2026-03-13 11:10:57 [INFO] processing 4 of 6
2026-03-13 11:10:57 [INFO] processing 5 of 10
2026-03-13 11:10:57 [INFO] processing 6 of 6
2026-03-13 11:10:57 [INFO] processing 7 of 9
2026-03-13 11:10:57 [INFO] processing 8 of 9
2026-03-13 11:10:57 [INFO] processing 9 of 7
2026-03-13 11:10:57 [INFO] processing 10 of 10
2026-03-13 11:10:57 [INFO] processing 11 of 9
2026-03-13 11:10:57 [INFO] processing 12 of 8
2026-03-13 11:10:57 [INFO] processing 13 of 9
2026-03-13 11:10:57 [INFO] processing 14 of 7
2026-03-13 11:10:57 [INFO] processing 15 of 9
2026-03-13 11:10:57 [INFO] processing 16 of 7
2026-03-13 11:10:57 [INFO] processing 17 of 9
2026-03-13 11:10:57 [INFO] processing 18 of 15
2026-03-13 11:10:57 [INFO] processing 19 of 11
2026-03-13 11:10:57 [INFO] processing 20 of 8
2026-03-13 11:10:57 [INFO] processing 21 of 8
2026-03-13 11:10:57 [INFO] processing 22 of 9
2026-03-13 11:10:57 [INFO] processing 23 of 10
2026-03-13 11:10:57 [INFO] processing 24 of 7
2026-03-13 11:10:57 [INFO] processing 25 of 7
2026-03-13 11:10:57 [INFO] processing 26 of 8
2026-03-13 11:10:57 [INFO] processing 27 of 8
2026-03-13 11:10:57 [INFO] processing 28 of 8
2026-03-13 11:10:57 [INFO] processing 29 of 10
2026-03-13 11:10:57 [INFO] processing 30 of 10
2026-03-13 11:10:57 [INFO] processing 31 of 10
2026-03-13 11:10:57 [INFO] processing 32 of 10
2026-03-13 11:10:57 [INFO] processing 33 of 13
2026-03-13 11:10:57 [INFO] processing 34 of 10
2026-03-13 11:10:57 [INFO] processing 35 of 8
2026-03-13 11:10:57 [INFO] processing 36 of 11
2026-03-13 11:10:57 [INFO] processing 37 of 10
2026-03-13 11:10:57 [INFO] processing 38 of 13
2026-03-13 11:10:57 [INFO] processing 39 of 11
2026-03-13 11:10:57 [INFO] processing 40 of 6
2026-03-13 11:10:57 [INFO] processing 41 of 12
2026-03-13 11:10:57 [INFO] processing 42 of 8
2026-03-13 11:10:57 [INFO] processing 43 of 8
2026-03-13 11:10:57 [INFO] processing 44 of 8
2026-03-13 11:10:57 [INFO] processing 45 of 7
2026-03-13 11:10:57 [INFO] processing 46 of 13
2026-03-13 11:10:57 [INFO] processing 47 of 12
2026-03-13 11:10:57 [INFO] processing 48 of 8
2026-03-13 11:10:57 [INFO] processing 49 of 12
2026-03-13 11:10:57 [INFO] processing 50 of 10
2026-03-13 11:10:57 [INFO] processing 51 of 12
2026-03-13 11:10:57 [INFO] processing 52 of 15
2026-03-13 11:10:57 [INFO] processing 53 of 15
2026-03-13 11:10:57 [INFO] processing 54 of 6
2026-03-13 11:10:57 [INFO] processing 55 of 7
2026-03-13 11:11:16 [INFO] processing 1 of 55
2026-03-13 11:11:16 [INFO] processing 2 of 55
2026-03-13 11:11:16 [INFO] processing 3 of 55
2026-03-13 11:11:16 [INFO] processing 4 of 55
2026-03-13 11:11:16 [INFO] processing 5 of 55
2026-03-13 11:11:16 [INFO] processing 6 of 55
2026-03-13 11:11:16 [INFO] processing 7 of 55
2026-03-13 11:11:16 [INFO] processing 8 of 55
2026-03-13 11:11:16 [INFO] processing 9 of 55
2026-03-13 11:11:16 [INFO] processing 10 of 55
2026-03-13 11:11:16 [INFO] processing 11 of 55
2026-03-13 11:11:16 [INFO] processing 12 of 55
2026-03-13 11:11:16 [INFO] processing 13 of 55
2026-03-13 11:11:16 [INFO] processing 14 of 55
2026-03-13 11:11:16 [INFO] processing 15 of 55
2026-03-13 11:11:16 [INFO] processing 16 of 55
2026-03-13 11:11:16 [INFO] processing 17 of 55
2026-03-13 11:11:16 [INFO] processing 18 of 55
2026-03-13 11:11:16 [INFO] processing 19 of 55
2026-03-13 11:11:16 [INFO] processing 20 of 55
2026-03-13 11:11:16 [INFO] processing 21 of 55
2026-03-13 11:11:16 [INFO] processing 22 of 55
2026-03-13 11:11:16 [INFO] processing 23 of 55
2026-03-13 11:11:16 [INFO] processing 24 of 55
2026-03-13 11:11:16 [INFO] processing 25 of 55
2026-03-13 11:11:16 [INFO] processing 26 of 55
2026-03-13 11:11:16 [INFO] processing 27 of 55
2026-03-13 11:11:16 [INFO] processing 28 of 55
2026-03-13 11:11:16 [INFO] processing 29 of 55
2026-03-13 11:11:16 [INFO] processing 30 of 55
2026-03-13 11:11:16 [INFO] processing 31 of 55
2026-03-13 11:11:16 [INFO] processing 32 of 55
2026-03-13 11:11:16 [INFO] processing 33 of 55
2026-03-13 11:11:16 [INFO] processing 34 of 55
2026-03-13 11:11:16 [INFO] processing 35 of 55
2026-03-13 11:11:16 [INFO] processing 36 of 55
2026-03-13 11:11:16 [INFO] processing 37 of 55
2026-03-13 11:11:16 [INFO] processing 38 of 55
2026-03-13 11:11:16 [INFO] processing 39 of 55
2026-03-13 11:11:16 [INFO] processing 40 of 55
2026-03-13 11:11:16 [INFO] processing 41 of 55
2026-03-13 11:11:16 [INFO] processing 42 of 55
2026-03-13 11:11:16 [INFO] processing 43 of 55
2026-03-13 11:11:16 [INFO] processing 44 of 55
2026-03-13 11:11:16 [INFO] processing 45 of 55
2026-03-13 11:11:16 [INFO] processing 46 of 55
2026-03-13 11:11:16 [INFO] processing 47 of 55
2026-03-13 11:11:16 [INFO] processing 48 of 55
2026-03-13 11:11:16 [INFO] processing 49 of 55
2026-03-13 11:11:16 [INFO] processing 50 of 55
2026-03-13 11:11:16 [INFO] processing 51 of 55
2026-03-13 11:11:16 [INFO] processing 52 of 55
2026-03-13 11:11:16 [INFO] processing 53 of 55
2026-03-13 11:11:16 [INFO] processing 54 of 55
2026-03-13 11:11:16 [INFO] processing 55 of 55
2026-03-13 11:11:32 [INFO] Starting TempScript.ps1 1.0
2026-03-13 11:11:32 [INFO] processing 1 of 55
2026-03-13 11:11:33 [INFO] processing 2 of 55
2026-03-13 11:11:34 [INFO] processing 3 of 55
2026-03-13 11:13:12 [INFO] Starting TempScript.ps1 1.0
2026-03-13 11:13:12 [INFO] processing 1 of 55:: SIL-DC-2
2026-03-13 11:13:13 [INFO] processing 2 of 55:: SIL-DC-1
2026-03-13 11:13:14 [INFO] processing 3 of 55:: SIL-RADIUS
2026-03-13 11:13:59 [INFO] Starting TempScript.ps1 1.0
2026-03-13 11:13:59 [INFO] processing 1 of 55:: SIL-DC-2
2026-03-13 11:14:00 [INFO] processing 2 of 55:: SIL-DC-1
2026-03-13 11:14:00 [INFO] processing 3 of 55:: SIL-RADIUS
2026-03-13 11:14:18 [INFO] Starting TempScript.ps1 1.0
2026-03-13 11:14:18 [INFO] processing 1 of 55:: SIL-DC-2
2026-03-13 11:14:19 [INFO] processing 2 of 55:: SIL-DC-1
2026-03-13 11:14:20 [INFO] Ending TempScript.ps1 with exit code 0
